Clean log: logs/kernel_grid_search_20260217_142534.log

======================================================================
KERNEL GRID SEARCH - Deterministic Kernel Topology Selection
======================================================================
Date: 2026-02-17 14:25:34
Data: data/GOLD_XYZ_OSC.0001_1024.hdf5
Subset: 30%
Epochs: 20
Batch size: 64
Optimizer: SGD(lr=0.01, momentum=0.9)
======================================================================

15 kernel configurations to test:
  K01: 1x1_Point       | sum=     128 | shift=0 | cost=1
  K02: 3x3_Cross       | sum=     640 | shift=0 | cost=5
  K03: 3x3_Box         | sum=    1152 | shift=0 | cost=9
  K04: 3x3_Gaussian    | sum=     420 | shift=0 | cost=18
  K05: 5x5_Cross       | sum=    1152 | shift=1 | cost=9
  K06: 5x5_Box         | sum=    3200 | shift=1 | cost=25
  K07: 5x5_Gaussian    | sum=    1140 | shift=1 | cost=50
  K08: 7x7_Cross       | sum=    1664 | shift=2 | cost=13
  K09: 7x7_Box         | sum=    6272 | shift=2 | cost=49
  K10: 7x7_Gaussian    | sum=    2236 | shift=2 | cost=98
  K11: 11x11_Cross     | sum=    2688 | shift=3 | cost=21
  K12: 11x11_Box       | sum=   15488 | shift=3 | cost=121
  K13: 11x11_Gaussian  | sum=    5492 | shift=3 | cost=242
  K14: 15x15_Box       | sum=   28800 | shift=4 | cost=225
  K15: 15x15_Gaussian  | sum=   10196 | shift=4 | cost=450

======================================================================
[1/15] Testing K01: 1x1_Point
  Size: 1x1, Topology: Point
  Kernel sum: 128, Calculated shift: 0
  HW Cost proxy: 1, Uses DSP: False
======================================================================
  Generating images to data/kernel_search_temp...
  Generated 53048 train, 5896 val images
  Training SqueezeNet for 20 epochs...
Found 53048 files belonging to 8 classes.
Found 5896 files belonging to 8 classes.
Epoch 1/20
Epoch 2/20
Epoch 3/20
Epoch 4/20
Epoch 5/20
Epoch 6/20
Epoch 7/20
Epoch 8/20
Epoch 9/20
Epoch 10/20
Epoch 11/20
Epoch 12/20
Epoch 13/20
Epoch 14/20
Epoch 15/20
Epoch 16/20
Epoch 17/20
Epoch 18/20
Epoch 19/20
Epoch 20/20
  Overall val_acc: 65.89% (best: 66.45%)
  Evaluating per-SNR accuracy...
  Per-SNR accuracy:
    SNR   0dB: 38.6%
    SNR   2dB: 53.2%
    SNR   4dB: 71.5%
    SNR   6dB: 76.7%
    SNR   8dB: 77.8%
    SNR  10dB: 78.1%
Saved detailed results to results_local/kernel_search/kernel_rankings.json
Saved rankings to results_local/kernel_search/kernel_rankings.csv
  Cleaned up temp directory

======================================================================
[2/15] Testing K02: 3x3_Cross
  Size: 3x3, Topology: Cross
  Kernel sum: 640, Calculated shift: 0
  HW Cost proxy: 5, Uses DSP: False
======================================================================
  Generating images to data/kernel_search_temp...
  Generated 53048 train, 5896 val images
  Training SqueezeNet for 20 epochs...
Found 53048 files belonging to 8 classes.
Found 5896 files belonging to 8 classes.
Epoch 1/20
Epoch 2/20
Epoch 3/20
Epoch 4/20
Epoch 5/20
Epoch 6/20
Epoch 7/20
Epoch 8/20
Epoch 9/20
Epoch 10/20
Epoch 11/20
Epoch 12/20
Epoch 13/20
Epoch 14/20
Epoch 15/20
Epoch 16/20
Epoch 17/20
Epoch 18/20
Epoch 19/20
Epoch 20/20
  Overall val_acc: 69.35% (best: 69.69%)
  Evaluating per-SNR accuracy...
  Per-SNR accuracy:
    SNR   0dB: 40.6%
    SNR   2dB: 56.8%
    SNR   4dB: 72.7%
    SNR   6dB: 80.9%
    SNR   8dB: 82.6%
    SNR  10dB: 82.1%
Saved detailed results to results_local/kernel_search/kernel_rankings.json
Saved rankings to results_local/kernel_search/kernel_rankings.csv
  Cleaned up temp directory

======================================================================
[3/15] Testing K03: 3x3_Box
  Size: 3x3, Topology: Box
  Kernel sum: 1152, Calculated shift: 0
  HW Cost proxy: 9, Uses DSP: False
======================================================================
  Generating images to data/kernel_search_temp...
  Generated 53048 train, 5896 val images
  Training SqueezeNet for 20 epochs...
Found 53048 files belonging to 8 classes.
Found 5896 files belonging to 8 classes.
Epoch 1/20
Epoch 2/20
Epoch 3/20
Epoch 4/20
Epoch 5/20
Epoch 6/20
Epoch 7/20
Epoch 8/20
Epoch 9/20
Epoch 10/20
Epoch 11/20
Epoch 12/20
Epoch 13/20
Epoch 14/20
Epoch 15/20
Epoch 16/20
Epoch 17/20
Epoch 18/20
Epoch 19/20
Epoch 20/20
  Overall val_acc: 66.16% (best: 66.30%)
  Evaluating per-SNR accuracy...
  Per-SNR accuracy:
    SNR   0dB: 37.4%
    SNR   2dB: 46.3%
    SNR   4dB: 69.9%
    SNR   6dB: 79.9%
    SNR   8dB: 83.0%
    SNR  10dB: 81.4%
Saved detailed results to results_local/kernel_search/kernel_rankings.json
Saved rankings to results_local/kernel_search/kernel_rankings.csv
  Cleaned up temp directory

======================================================================
[4/15] Testing K04: 3x3_Gaussian
  Size: 3x3, Topology: Gaussian
  Kernel sum: 420, Calculated shift: 0
  HW Cost proxy: 18, Uses DSP: True
======================================================================
  Generating images to data/kernel_search_temp...
  Generated 53048 train, 5896 val images
  Training SqueezeNet for 20 epochs...
Found 53048 files belonging to 8 classes.
Found 5896 files belonging to 8 classes.
Epoch 1/20
Epoch 2/20
Epoch 3/20
Epoch 4/20
Epoch 5/20
Epoch 6/20
Epoch 7/20
Epoch 8/20
Epoch 9/20
Epoch 10/20
Epoch 11/20
Epoch 12/20
Epoch 13/20
Epoch 14/20
Epoch 15/20
Epoch 16/20
Epoch 17/20
Epoch 18/20
Epoch 19/20
Epoch 20/20
  Overall val_acc: 65.52% (best: 66.67%)
  Evaluating per-SNR accuracy...
  Per-SNR accuracy:
    SNR   0dB: 40.2%
    SNR   2dB: 55.7%
    SNR   4dB: 70.2%
    SNR   6dB: 73.7%
    SNR   8dB: 76.3%
    SNR  10dB: 77.7%
Saved detailed results to results_local/kernel_search/kernel_rankings.json
Saved rankings to results_local/kernel_search/kernel_rankings.csv
  Cleaned up temp directory

======================================================================
[5/15] Testing K05: 5x5_Cross
  Size: 5x5, Topology: Cross
  Kernel sum: 1152, Calculated shift: 1
  HW Cost proxy: 9, Uses DSP: False
======================================================================
  Generating images to data/kernel_search_temp...
  Generated 53048 train, 5896 val images
  Training SqueezeNet for 20 epochs...
Found 53048 files belonging to 8 classes.
Found 5896 files belonging to 8 classes.
Epoch 1/20
Epoch 2/20
Epoch 3/20
Epoch 4/20
Epoch 5/20
Epoch 6/20
Epoch 7/20
Epoch 8/20
Epoch 9/20
Epoch 10/20
Epoch 11/20
Epoch 12/20
Epoch 13/20
Epoch 14/20
Epoch 15/20
Epoch 16/20
Epoch 17/20
Epoch 18/20
Epoch 19/20
Epoch 20/20
  Overall val_acc: 66.28% (best: 66.84%)
  Evaluating per-SNR accuracy...
  Per-SNR accuracy:
    SNR   0dB: 41.0%
    SNR   2dB: 56.7%
    SNR   4dB: 70.5%
    SNR   6dB: 76.6%
    SNR   8dB: 76.7%
    SNR  10dB: 77.3%
Saved detailed results to results_local/kernel_search/kernel_rankings.json
Saved rankings to results_local/kernel_search/kernel_rankings.csv
  Cleaned up temp directory

======================================================================
[6/15] Testing K06: 5x5_Box
  Size: 5x5, Topology: Box
  Kernel sum: 3200, Calculated shift: 1
  HW Cost proxy: 25, Uses DSP: False
======================================================================
  Generating images to data/kernel_search_temp...
  Generated 53048 train, 5896 val images
  Training SqueezeNet for 20 epochs...
Found 53048 files belonging to 8 classes.
Found 5896 files belonging to 8 classes.
Epoch 1/20
Epoch 2/20
Epoch 3/20
Epoch 4/20
Epoch 5/20
Epoch 6/20
Epoch 7/20
Epoch 8/20
Epoch 9/20
Epoch 10/20
Epoch 11/20
Epoch 12/20
Epoch 13/20
Epoch 14/20
Epoch 15/20
Epoch 16/20
Epoch 17/20
Epoch 18/20
Epoch 19/20
Epoch 20/20
  Overall val_acc: 66.32% (best: 66.32%)
  Evaluating per-SNR accuracy...
  Per-SNR accuracy:
    SNR   0dB: 38.9%
    SNR   2dB: 48.2%
    SNR   4dB: 70.5%
    SNR   6dB: 79.5%
    SNR   8dB: 81.5%
    SNR  10dB: 80.2%
Saved detailed results to results_local/kernel_search/kernel_rankings.json
Saved rankings to results_local/kernel_search/kernel_rankings.csv
  Cleaned up temp directory

======================================================================
[7/15] Testing K07: 5x5_Gaussian
  Size: 5x5, Topology: Gaussian
  Kernel sum: 1140, Calculated shift: 1
  HW Cost proxy: 50, Uses DSP: True
======================================================================
  Generating images to data/kernel_search_temp...
  Generated 53048 train, 5896 val images
  Training SqueezeNet for 20 epochs...
Found 53048 files belonging to 8 classes.
Found 5896 files belonging to 8 classes.
Epoch 1/20
Epoch 2/20
Epoch 3/20
Epoch 4/20
Epoch 5/20
Epoch 6/20
Epoch 7/20
Epoch 8/20
Epoch 9/20
Epoch 10/20
Epoch 11/20
Epoch 12/20
Epoch 13/20
Epoch 14/20
Epoch 15/20
Epoch 16/20
Epoch 17/20
Epoch 18/20
Epoch 19/20
Epoch 20/20
  Overall val_acc: 64.79% (best: 64.79%)
  Evaluating per-SNR accuracy...
  Per-SNR accuracy:
    SNR   0dB: 41.2%
    SNR   2dB: 52.9%
    SNR   4dB: 70.2%
    SNR   6dB: 74.1%
    SNR   8dB: 75.0%
    SNR  10dB: 75.9%
Saved detailed results to results_local/kernel_search/kernel_rankings.json
Saved rankings to results_local/kernel_search/kernel_rankings.csv
  Cleaned up temp directory

======================================================================
[8/15] Testing K08: 7x7_Cross
  Size: 7x7, Topology: Cross
  Kernel sum: 1664, Calculated shift: 2
  HW Cost proxy: 13, Uses DSP: False
======================================================================
  Generating images to data/kernel_search_temp...
  Generated 53048 train, 5896 val images
  Training SqueezeNet for 20 epochs...
Found 53048 files belonging to 8 classes.
Found 5896 files belonging to 8 classes.
Epoch 1/20
Epoch 2/20
Epoch 3/20
Epoch 4/20
Epoch 5/20
Epoch 6/20
Epoch 7/20
Epoch 8/20
Epoch 9/20
Epoch 10/20
Epoch 11/20
Epoch 12/20
Epoch 13/20
Epoch 14/20
Epoch 15/20
Epoch 16/20
Epoch 17/20
Epoch 18/20
Epoch 19/20
Epoch 20/20
  Overall val_acc: 64.89% (best: 64.89%)
  Evaluating per-SNR accuracy...
  Per-SNR accuracy:
    SNR   0dB: 38.6%
    SNR   2dB: 50.9%
    SNR   4dB: 71.5%
    SNR   6dB: 76.2%
    SNR   8dB: 76.5%
    SNR  10dB: 76.6%
Saved detailed results to results_local/kernel_search/kernel_rankings.json
Saved rankings to results_local/kernel_search/kernel_rankings.csv
  Cleaned up temp directory

======================================================================
[9/15] Testing K09: 7x7_Box
  Size: 7x7, Topology: Box
  Kernel sum: 6272, Calculated shift: 2
  HW Cost proxy: 49, Uses DSP: False
======================================================================
  Generating images to data/kernel_search_temp...
  Generated 53048 train, 5896 val images
  Training SqueezeNet for 20 epochs...
Found 53048 files belonging to 8 classes.
Found 5896 files belonging to 8 classes.
Epoch 1/20
Epoch 2/20
Epoch 3/20
Epoch 4/20
Epoch 5/20
Epoch 6/20
Epoch 7/20
Epoch 8/20
Epoch 9/20
Epoch 10/20
Epoch 11/20
Epoch 12/20
Epoch 13/20
Epoch 14/20
Epoch 15/20
Epoch 16/20
Epoch 17/20
Epoch 18/20
Epoch 19/20
Epoch 20/20
  Overall val_acc: 68.15% (best: 69.84%)
  Evaluating per-SNR accuracy...
  Per-SNR accuracy:
    SNR   0dB: 39.8%
    SNR   2dB: 52.2%
    SNR   4dB: 75.7%
    SNR   6dB: 79.7%
    SNR   8dB: 80.8%
    SNR  10dB: 81.6%
Saved detailed results to results_local/kernel_search/kernel_rankings.json
Saved rankings to results_local/kernel_search/kernel_rankings.csv
  Cleaned up temp directory

======================================================================
[10/15] Testing K10: 7x7_Gaussian
  Size: 7x7, Topology: Gaussian
  Kernel sum: 2236, Calculated shift: 2
  HW Cost proxy: 98, Uses DSP: True
======================================================================
  Generating images to data/kernel_search_temp...
  Generated 53048 train, 5896 val images
  Training SqueezeNet for 20 epochs...
Found 53048 files belonging to 8 classes.
Found 5896 files belonging to 8 classes.
Epoch 1/20
Epoch 2/20
Epoch 3/20
Epoch 4/20
Epoch 5/20
Epoch 6/20
Epoch 7/20
Epoch 8/20
Epoch 9/20
Epoch 10/20
Epoch 11/20
Epoch 12/20
Epoch 13/20
Epoch 14/20
Epoch 15/20
Epoch 16/20
Epoch 17/20
Epoch 18/20
Epoch 19/20
Epoch 20/20
  Overall val_acc: 64.77% (best: 64.77%)
  Evaluating per-SNR accuracy...
  Per-SNR accuracy:
    SNR   0dB: 39.7%
    SNR   2dB: 56.2%
    SNR   4dB: 68.1%
    SNR   6dB: 74.5%
    SNR   8dB: 75.2%
    SNR  10dB: 75.5%
Saved detailed results to results_local/kernel_search/kernel_rankings.json
Saved rankings to results_local/kernel_search/kernel_rankings.csv
  Cleaned up temp directory

======================================================================
[11/15] Testing K11: 11x11_Cross
  Size: 11x11, Topology: Cross
  Kernel sum: 2688, Calculated shift: 3
  HW Cost proxy: 21, Uses DSP: False
======================================================================
  Generating images to data/kernel_search_temp...
  Generated 53048 train, 5896 val images
  Training SqueezeNet for 20 epochs...
Found 53048 files belonging to 8 classes.
Found 5896 files belonging to 8 classes.
Epoch 1/20
Epoch 2/20
Epoch 3/20
Epoch 4/20
Epoch 5/20
Epoch 6/20
Epoch 7/20
Epoch 8/20
Epoch 9/20
Epoch 10/20
Epoch 11/20
Epoch 12/20
Epoch 13/20
Epoch 14/20
Epoch 15/20
Epoch 16/20
Epoch 17/20
Epoch 18/20
Epoch 19/20
Epoch 20/20
  Overall val_acc: 65.84% (best: 66.16%)
  Evaluating per-SNR accuracy...
  Per-SNR accuracy:
    SNR   0dB: 37.3%
    SNR   2dB: 53.0%
    SNR   4dB: 69.9%
    SNR   6dB: 76.8%
    SNR   8dB: 78.9%
    SNR  10dB: 80.0%
Saved detailed results to results_local/kernel_search/kernel_rankings.json
Saved rankings to results_local/kernel_search/kernel_rankings.csv
  Cleaned up temp directory

======================================================================
[12/15] Testing K12: 11x11_Box
  Size: 11x11, Topology: Box
  Kernel sum: 15488, Calculated shift: 3
  HW Cost proxy: 121, Uses DSP: False
======================================================================
  Generating images to data/kernel_search_temp...
  Generated 53048 train, 5896 val images
  Training SqueezeNet for 20 epochs...
Found 53048 files belonging to 8 classes.
Found 5896 files belonging to 8 classes.
Epoch 1/20
Epoch 2/20
Epoch 3/20
Epoch 4/20
Epoch 5/20
Epoch 6/20
Epoch 7/20
Epoch 8/20
Epoch 9/20
Epoch 10/20
Epoch 11/20
Epoch 12/20
Epoch 13/20
Epoch 14/20
Epoch 15/20
Epoch 16/20
Epoch 17/20
Epoch 18/20
Epoch 19/20

Epoch 19: ReduceLROnPlateau reducing learning rate to 0.004999999888241291.
Epoch 20/20
  Overall val_acc: 68.89% (best: 68.89%)
  Evaluating per-SNR accuracy...
  Per-SNR accuracy:
    SNR   0dB: 40.7%
    SNR   2dB: 50.8%
    SNR   4dB: 71.7%
    SNR   6dB: 81.6%
    SNR   8dB: 85.8%
    SNR  10dB: 83.3%
Saved detailed results to results_local/kernel_search/kernel_rankings.json
Saved rankings to results_local/kernel_search/kernel_rankings.csv
  Cleaned up temp directory

======================================================================
[13/15] Testing K13: 11x11_Gaussian
  Size: 11x11, Topology: Gaussian
  Kernel sum: 5492, Calculated shift: 3
  HW Cost proxy: 242, Uses DSP: True
======================================================================
  Generating images to data/kernel_search_temp...
  Generated 53048 train, 5896 val images
  Training SqueezeNet for 20 epochs...
Found 53048 files belonging to 8 classes.
Found 5896 files belonging to 8 classes.
Epoch 1/20
Epoch 2/20
Epoch 3/20
Epoch 4/20
Epoch 5/20
Epoch 6/20
Epoch 7/20
Epoch 8/20
Epoch 9/20
Epoch 10/20
Epoch 11/20
Epoch 12/20
Epoch 13/20
Epoch 14/20
Epoch 15/20
Epoch 16/20
Epoch 17/20
Epoch 18/20
Epoch 19/20
Epoch 20/20
  Overall val_acc: 66.54% (best: 66.54%)
  Evaluating per-SNR accuracy...
  Per-SNR accuracy:
    SNR   0dB: 42.1%
    SNR   2dB: 54.1%
    SNR   4dB: 71.9%
    SNR   6dB: 76.6%
    SNR   8dB: 76.8%
    SNR  10dB: 78.1%
Saved detailed results to results_local/kernel_search/kernel_rankings.json
Saved rankings to results_local/kernel_search/kernel_rankings.csv
  Cleaned up temp directory

======================================================================
[14/15] Testing K14: 15x15_Box
  Size: 15x15, Topology: Box
  Kernel sum: 28800, Calculated shift: 4
  HW Cost proxy: 225, Uses DSP: False
======================================================================
  Generating images to data/kernel_search_temp...
  Generated 53048 train, 5896 val images
  Training SqueezeNet for 20 epochs...
Found 53048 files belonging to 8 classes.
Found 5896 files belonging to 8 classes.
Epoch 1/20
Epoch 2/20
Epoch 3/20
Epoch 4/20
Epoch 5/20
Epoch 6/20
Epoch 7/20
Epoch 8/20
Epoch 9/20
Epoch 10/20
Epoch 11/20
Epoch 12/20
Epoch 13/20
Epoch 14/20
Epoch 15/20
Epoch 16/20
Epoch 17/20
Epoch 18/20
Epoch 19/20
Epoch 20/20
  Overall val_acc: 67.44% (best: 67.44%)
  Evaluating per-SNR accuracy...
  Per-SNR accuracy:
    SNR   0dB: 40.3%
    SNR   2dB: 54.0%
    SNR   4dB: 72.4%
    SNR   6dB: 79.0%
    SNR   8dB: 79.8%
    SNR  10dB: 79.1%
Saved detailed results to results_local/kernel_search/kernel_rankings.json
Saved rankings to results_local/kernel_search/kernel_rankings.csv
  Cleaned up temp directory

======================================================================
[15/15] Testing K15: 15x15_Gaussian
  Size: 15x15, Topology: Gaussian
  Kernel sum: 10196, Calculated shift: 4
  HW Cost proxy: 450, Uses DSP: True
======================================================================
  Generating images to data/kernel_search_temp...
  Generated 53048 train, 5896 val images
  Training SqueezeNet for 20 epochs...
Found 53048 files belonging to 8 classes.
Found 5896 files belonging to 8 classes.
Epoch 1/20
Epoch 2/20
Epoch 3/20
Epoch 4/20
Epoch 5/20
Epoch 6/20
Epoch 7/20
Epoch 8/20
Epoch 9/20
Epoch 10/20
Epoch 11/20
Epoch 12/20
Epoch 13/20
Epoch 14/20
Epoch 15/20
Epoch 16/20
Epoch 17/20
Epoch 18/20
Epoch 19/20
Epoch 20/20
  Overall val_acc: 65.96% (best: 66.82%)
  Evaluating per-SNR accuracy...
  Per-SNR accuracy:
    SNR   0dB: 40.0%
    SNR   2dB: 55.7%
    SNR   4dB: 71.9%
    SNR   6dB: 76.0%
    SNR   8dB: 76.8%
    SNR  10dB: 76.2%
Saved detailed results to results_local/kernel_search/kernel_rankings.json
Saved rankings to results_local/kernel_search/kernel_rankings.csv
  Cleaned up temp directory

======================================================================
PARETO ANALYSIS - Accuracy vs HW Cost
======================================================================

Ranked by Overall Accuracy:
Rank  Config          Accuracy   Cost     DSP?  
--------------------------------------------------
1     7x7_Box           69.84%  49       False 
2     3x3_Cross         69.69%  5        False 
3     11x11_Box         68.89%  121      False 
4     15x15_Box         67.44%  225      False 
5     5x5_Cross         66.84%  9        False 
6     15x15_Gaussian    66.82%  450      True  
7     3x3_Gaussian      66.67%  18       True  
8     11x11_Gaussian    66.54%  242      True  
9     1x1_Point         66.45%  1        False 
10    5x5_Box           66.32%  25       False 
11    3x3_Box           66.30%  9        False 
12    11x11_Cross       66.16%  21       False 
13    7x7_Cross         64.89%  13       False 
14    5x5_Gaussian      64.79%  50       True  
15    7x7_Gaussian      64.77%  98       True  

Pareto-Optimal Configurations (non-dominated):
  7x7_Box: 69.84% @ cost=49
  3x3_Cross: 69.69% @ cost=5
  1x1_Point: 66.45% @ cost=1

Per-SNR Champions (validates kernel-SNR inverse correlation):
  SNR   0dB: 11x11_Gaussian (42.1%)
  SNR   2dB: 3x3_Cross (56.8%)
  SNR   4dB: 7x7_Box (75.7%)
  SNR   6dB: 11x11_Box (81.6%)
  SNR   8dB: 11x11_Box (85.8%)
  SNR  10dB: 11x11_Box (83.3%)
Saved detailed results to results_local/kernel_search/kernel_rankings_20260218_011931.json
Saved rankings to results_local/kernel_search/kernel_rankings_20260218_011931.csv

======================================================================
GRID SEARCH COMPLETE
======================================================================
Results saved to: results_local/kernel_search/
Next step: Use rankings to select champion kernel for Phase 2
