================================================================================
PHASE 2: SINGLE vs MULTI-CHANNEL COMPARISON
Timestamp: 20260203_202002
Clean log: logs/phase2_20260203_202002.log
================================================================================

============================================================
EXPERIMENT CONFIGURATION
============================================================
  Data subset:         30%
  Train/Val split:     90/10
  Epochs:              40
  Batch size:          64
  Base learning rate:  0.01
  Early stop patience: 10
  Random seed:         42
  Decision threshold:  5%
============================================================

================================================================================
EXPERIMENT 1: SINGLE-CHANNEL
================================================================================

============================================================
SKIPPING SINGLE-CHANNEL GENERATION (SKIP_GEN=1)
Using existing images in: data/processed_hw_single
============================================================

============================================================
TRAINING: SINGLE-CHANNEL, Seed=42
Run directory: results_local/phase2_comparison/20260203_202002/single_20260203_202002
============================================================
