Clean log: logs/adaptive_sampling_g_train_20260225_080634.log
Found 176944 files belonging to 8 classes.
Found 19664 files belonging to 8 classes.
Train classes (8): ['16QAM', '32QAM', '4ASK', '64QAM', '8PSK', 'BPSK', 'OQPSK', 'QPSK']
Val   classes (8): ['16QAM', '32QAM', '4ASK', '64QAM', '8PSK', 'BPSK', 'OQPSK', 'QPSK']

--- Training SqueezeNet v1.1 with adaptive sampler ---
[sampler-backend] Using tf.data with epoch_size=176944, scope=class, snrs=[0, 2, 4, 6, 8, 10]
[resample-loop] Enabled per-epoch resampling (backend=tfdata)
[resample-loop] Epoch 1/40: built dataset with 176944 samples

[Epoch 1] Learning rate: 0.01

Epoch 1: val_accuracy improved from -inf to 0.70866, saving model to models/squeezenet_sampler_g_20260225_080634.h5
[resample-loop] Epoch 2/40: built dataset with 176944 samples

[Epoch 2] Learning rate: 0.01
Epoch 2/2

Epoch 2: val_accuracy improved from 0.70866 to 0.72757, saving model to models/squeezenet_sampler_g_20260225_080634.h5
[resample-loop] Epoch 3/40: built dataset with 176944 samples

[Epoch 3] Learning rate: 0.01
Epoch 3/3

Epoch 3: val_accuracy improved from 0.72757 to 0.74578, saving model to models/squeezenet_sampler_g_20260225_080634.h5
[resample-loop] Epoch 4/40: built dataset with 176944 samples

[Epoch 4] Learning rate: 0.01
Epoch 4/4

Epoch 4: val_accuracy improved from 0.74578 to 0.75981, saving model to models/squeezenet_sampler_g_20260225_080634.h5
[resample-loop] Epoch 5/40: built dataset with 176944 samples

[Epoch 5] Learning rate: 0.01
Epoch 5/5

Epoch 5: val_accuracy improved from 0.75981 to 0.76175, saving model to models/squeezenet_sampler_g_20260225_080634.h5
[resample-loop] Epoch 6/40: built dataset with 176944 samples

[Epoch 6] Learning rate: 0.01
Epoch 6/6

Epoch 6: val_accuracy improved from 0.76175 to 0.76821, saving model to models/squeezenet_sampler_g_20260225_080634.h5
[resample-loop] Epoch 7/40: built dataset with 176944 samples

[Epoch 7] Learning rate: 0.01
Epoch 7/7

Epoch 7: val_accuracy improved from 0.76821 to 0.77110, saving model to models/squeezenet_sampler_g_20260225_080634.h5
[resample-loop] Epoch 8/40: built dataset with 176944 samples

[Epoch 8] Learning rate: 0.01
Epoch 8/8

Epoch 8: val_accuracy improved from 0.77110 to 0.77695, saving model to models/squeezenet_sampler_g_20260225_080634.h5
[resample-loop] Epoch 9/40: built dataset with 176944 samples

[Epoch 9] Learning rate: 0.01
Epoch 9/9

Epoch 9: val_accuracy did not improve from 0.77695
[resample-loop] Epoch 10/40: built dataset with 176944 samples

[Epoch 10] Learning rate: 0.01
Epoch 10/10

Epoch 10: val_accuracy did not improve from 0.77695
[resample-loop] Epoch 11/40: built dataset with 176944 samples

[Epoch 11] Learning rate: 0.01
Epoch 11/11

Epoch 11: val_accuracy did not improve from 0.77695
[resample-loop] Epoch 12/40: built dataset with 176944 samples

[Epoch 12] Learning rate: 0.01
Epoch 12/12

Epoch 12: val_accuracy improved from 0.77695 to 0.78245, saving model to models/squeezenet_sampler_g_20260225_080634.h5
[resample-loop] Epoch 13/40: built dataset with 176944 samples

[Epoch 13] Learning rate: 0.01
Epoch 13/13

Epoch 13: val_accuracy did not improve from 0.78245
[resample-loop] Epoch 14/40: built dataset with 176944 samples

[Epoch 14] Learning rate: 0.01
Epoch 14/14

Epoch 14: val_accuracy did not improve from 0.78245
[resample-loop] Epoch 15/40: built dataset with 176944 samples

[Epoch 15] Learning rate: 0.01
Epoch 15/15

Epoch 15: val_accuracy improved from 0.78245 to 0.78438, saving model to models/squeezenet_sampler_g_20260225_080634.h5
[resample-loop] Epoch 16/40: built dataset with 176944 samples

[Epoch 16] Learning rate: 0.01
Epoch 16/16

Epoch 16: val_accuracy did not improve from 0.78438
[resample-loop] Epoch 17/40: built dataset with 176944 samples

[Epoch 17] Learning rate: 0.01
Epoch 17/17

Epoch 17: val_accuracy did not improve from 0.78438
[resample-loop] Epoch 18/40: built dataset with 176944 samples

[Epoch 18] Learning rate: 0.01
Epoch 18/18

Epoch 18: val_accuracy did not improve from 0.78438
[resample-loop] Epoch 19/40: built dataset with 176944 samples

[Epoch 19] Learning rate: 0.01
Epoch 19/19

Epoch 19: val_accuracy improved from 0.78438 to 0.78692, saving model to models/squeezenet_sampler_g_20260225_080634.h5
[resample-loop] Epoch 20/40: built dataset with 176944 samples

[Epoch 20] Learning rate: 0.01
Epoch 20/20

Epoch 20: val_accuracy did not improve from 0.78692
[resample-loop] Epoch 21/40: built dataset with 176944 samples

[Epoch 21] Learning rate: 0.01
Epoch 21/21

Epoch 21: val_accuracy did not improve from 0.78692
[resample-loop] Epoch 22/40: built dataset with 176944 samples

[Epoch 22] Learning rate: 0.01
Epoch 22/22

Epoch 22: val_accuracy did not improve from 0.78692
[resample-loop] Epoch 23/40: built dataset with 176944 samples

[Epoch 23] Learning rate: 0.01
Epoch 23/23

Epoch 23: val_accuracy did not improve from 0.78692
[resample-loop] Epoch 24/40: built dataset with 176944 samples

[Epoch 24] Learning rate: 0.01
Epoch 24/24

Epoch 24: val_accuracy did not improve from 0.78692

[manual-lr] Reducing learning rate: 0.01 -> 0.005
[resample-loop] Epoch 25/40: built dataset with 176944 samples

[Epoch 25] Learning rate: 0.005
Epoch 25/25

Epoch 25: val_accuracy did not improve from 0.78692
[resample-loop] Epoch 26/40: built dataset with 176944 samples

[Epoch 26] Learning rate: 0.005
Epoch 26/26

Epoch 26: val_accuracy did not improve from 0.78692
[resample-loop] Epoch 27/40: built dataset with 176944 samples

[Epoch 27] Learning rate: 0.005
Epoch 27/27

Epoch 27: val_accuracy did not improve from 0.78692
[resample-loop] Epoch 28/40: built dataset with 176944 samples

[Epoch 28] Learning rate: 0.005
Epoch 28/28

Epoch 28: val_accuracy did not improve from 0.78692
[resample-loop] Epoch 29/40: built dataset with 176944 samples

[Epoch 29] Learning rate: 0.005
Epoch 29/29

Epoch 29: val_accuracy did not improve from 0.78692

[manual-lr] Reducing learning rate: 0.005 -> 0.0025
[resample-loop] Epoch 30/40: built dataset with 176944 samples

[Epoch 30] Learning rate: 0.0025
Epoch 30/30

Epoch 30: val_accuracy did not improve from 0.78692
[resample-loop] Epoch 31/40: built dataset with 176944 samples

[Epoch 31] Learning rate: 0.0025
Epoch 31/31

Epoch 31: val_accuracy did not improve from 0.78692
[resample-loop] Epoch 32/40: built dataset with 176944 samples

[Epoch 32] Learning rate: 0.0025
Epoch 32/32

Epoch 32: val_accuracy did not improve from 0.78692
[resample-loop] Epoch 33/40: built dataset with 176944 samples

[Epoch 33] Learning rate: 0.0025
Epoch 33/33

Epoch 33: val_accuracy did not improve from 0.78692
[resample-loop] Epoch 34/40: built dataset with 176944 samples

[Epoch 34] Learning rate: 0.0025
Epoch 34/34

Epoch 34: val_accuracy did not improve from 0.78692

[manual-lr] Reducing learning rate: 0.0025 -> 0.00125
[resample-loop] Epoch 35/40: built dataset with 176944 samples

[Epoch 35] Learning rate: 0.00125
Epoch 35/35

Epoch 35: val_accuracy did not improve from 0.78692
[resample-loop] Epoch 36/40: built dataset with 176944 samples

[Epoch 36] Learning rate: 0.00125
Epoch 36/36

Epoch 36: val_accuracy did not improve from 0.78692
[resample-loop] Epoch 37/40: built dataset with 176944 samples

[Epoch 37] Learning rate: 0.00125
Epoch 37/37

Epoch 37: val_accuracy did not improve from 0.78692
[resample-loop] Epoch 38/40: built dataset with 176944 samples

[Epoch 38] Learning rate: 0.00125
Epoch 38/38

Epoch 38: val_accuracy did not improve from 0.78692
[resample-loop] Epoch 39/40: built dataset with 176944 samples

[Epoch 39] Learning rate: 0.00125
Epoch 39/39

Epoch 39: val_accuracy did not improve from 0.78692

[manual-lr] Reducing learning rate: 0.00125 -> 0.000625
[resample-loop] Epoch 40/40: built dataset with 176944 samples

[Epoch 40] Learning rate: 0.000625
Epoch 40/40

Epoch 40: val_accuracy did not improve from 0.78692

Training complete. Best model saved to: models/squeezenet_sampler_g_20260225_080634.h5
